---
source: src/lexer.rs
expression: "(input, p.parse(input))"
---
(
    " () , . ",
    ParseResult {
        output: None,
        errs: [
            at 1..2,
        ],
    },
)
