---
source: src/test.rs
expression: "unicode_ident().padded().parse(\" + \")"
---
ParseResult {
    output: Some(
        "+",
    ),
    errs: [],
}
