---
source: src/test.rs
expression: "unicode_ident().parse(\" \")"
---
ParseResult {
    output: None,
    errs: [
        EmptyErr(
            (),
        ),
    ],
}
