---
source: src/lexer.rs
expression: "unicode_ident().padded().parse(\" abc \")"
---
ParseResult {
    output: Some(
        "abc",
    ),
    errs: [],
}
