---
source: src/lexer.rs
expression: "lexer().parse(r#\"== !=\"#)"
---
ParseResult {
    output: Some(
        [
            Ident(
                "==",
            ),
            Ident(
                "!=",
            ),
        ],
    ),
    errs: [],
}
